G:/WorkSpace/STM32/STM32_CYCLONETCP_EXAMPLES/CycloneTCP_SSL_SSH_IPSEC_EAP_CRYPTO_Open_2_5_2/cyclone_tcp/dhcp/dhcp_client.c:57:6:dhcpClientGetDefaultSettings	8	static
G:/WorkSpace/STM32/STM32_CYCLONETCP_EXAMPLES/CycloneTCP_SSL_SSH_IPSEC_EAP_CRYPTO_Open_2_5_2/cyclone_tcp/dhcp/dhcp_client.c:92:9:dhcpClientInit	16	static
G:/WorkSpace/STM32/STM32_CYCLONETCP_EXAMPLES/CycloneTCP_SSL_SSH_IPSEC_EAP_CRYPTO_Open_2_5_2/cyclone_tcp/dhcp/dhcp_client.c:135:9:dhcpClientStart	16	static
G:/WorkSpace/STM32/STM32_CYCLONETCP_EXAMPLES/CycloneTCP_SSL_SSH_IPSEC_EAP_CRYPTO_Open_2_5_2/cyclone_tcp/dhcp/dhcp_client.c:194:9:dhcpClientStop	8	static
G:/WorkSpace/STM32/STM32_CYCLONETCP_EXAMPLES/CycloneTCP_SSL_SSH_IPSEC_EAP_CRYPTO_Open_2_5_2/cyclone_tcp/dhcp/dhcp_client.c:237:9:dhcpClientRelease	16	static
G:/WorkSpace/STM32/STM32_CYCLONETCP_EXAMPLES/CycloneTCP_SSL_SSH_IPSEC_EAP_CRYPTO_Open_2_5_2/cyclone_tcp/dhcp/dhcp_client.c:296:11:dhcpClientGetState	16	static
