G:/WorkSpace/STM32/STM32_CYCLONETCP_EXAMPLES/CycloneTCP_SSL_SSH_IPSEC_EAP_CRYPTO_Open_2_5_2/cyclone_tcp/ipv4/ipv4_misc.c:53:9:ipv4AddRouterAlertOption	8	static
G:/WorkSpace/STM32/STM32_CYCLONETCP_EXAMPLES/CycloneTCP_SSL_SSH_IPSEC_EAP_CRYPTO_Open_2_5_2/cyclone_tcp/ipv4/ipv4_misc.c:363:9:ipv4SelectDefaultGateway	8	static
G:/WorkSpace/STM32/STM32_CYCLONETCP_EXAMPLES/CycloneTCP_SSL_SSH_IPSEC_EAP_CRYPTO_Open_2_5_2/cyclone_tcp/ipv4/ipv4_misc.c:404:8:ipv4IsHostAddrValid	0	static
G:/WorkSpace/STM32/STM32_CYCLONETCP_EXAMPLES/CycloneTCP_SSL_SSH_IPSEC_EAP_CRYPTO_Open_2_5_2/cyclone_tcp/ipv4/ipv4_misc.c:438:8:ipv4IsOnLink	8	static
G:/WorkSpace/STM32/STM32_CYCLONETCP_EXAMPLES/CycloneTCP_SSL_SSH_IPSEC_EAP_CRYPTO_Open_2_5_2/cyclone_tcp/ipv4/ipv4_misc.c:476:8:ipv4IsBroadcastAddr	8	static
G:/WorkSpace/STM32/STM32_CYCLONETCP_EXAMPLES/CycloneTCP_SSL_SSH_IPSEC_EAP_CRYPTO_Open_2_5_2/cyclone_tcp/ipv4/ipv4_misc.c:92:9:ipv4CheckSourceAddr	8	static
G:/WorkSpace/STM32/STM32_CYCLONETCP_EXAMPLES/CycloneTCP_SSL_SSH_IPSEC_EAP_CRYPTO_Open_2_5_2/cyclone_tcp/ipv4/ipv4_misc.c:116:9:ipv4CheckDestAddr	16	static
G:/WorkSpace/STM32/STM32_CYCLONETCP_EXAMPLES/CycloneTCP_SSL_SSH_IPSEC_EAP_CRYPTO_Open_2_5_2/cyclone_tcp/ipv4/ipv4_misc.c:530:8:ipv4IsTentativeAddr	4	static
G:/WorkSpace/STM32/STM32_CYCLONETCP_EXAMPLES/CycloneTCP_SSL_SSH_IPSEC_EAP_CRYPTO_Open_2_5_2/cyclone_tcp/ipv4/ipv4_misc.c:569:8:ipv4IsLocalHostAddr	8	static
G:/WorkSpace/STM32/STM32_CYCLONETCP_EXAMPLES/CycloneTCP_SSL_SSH_IPSEC_EAP_CRYPTO_Open_2_5_2/cyclone_tcp/ipv4/ipv4_misc.c:626:8:ipv4CompPrefix	16	static
G:/WorkSpace/STM32/STM32_CYCLONETCP_EXAMPLES/CycloneTCP_SSL_SSH_IPSEC_EAP_CRYPTO_Open_2_5_2/cyclone_tcp/ipv4/ipv4_misc.c:662:8:ipv4GetAddrScope	0	static
G:/WorkSpace/STM32/STM32_CYCLONETCP_EXAMPLES/CycloneTCP_SSL_SSH_IPSEC_EAP_CRYPTO_Open_2_5_2/cyclone_tcp/ipv4/ipv4_misc.c:726:8:ipv4GetPrefixLength	8	static
G:/WorkSpace/STM32/STM32_CYCLONETCP_EXAMPLES/CycloneTCP_SSL_SSH_IPSEC_EAP_CRYPTO_Open_2_5_2/cyclone_tcp/ipv4/ipv4_misc.c:174:9:ipv4SelectSourceAddr	72	static
G:/WorkSpace/STM32/STM32_CYCLONETCP_EXAMPLES/CycloneTCP_SSL_SSH_IPSEC_EAP_CRYPTO_Open_2_5_2/cyclone_tcp/ipv4/ipv4_misc.c:754:9:ipv4GetBroadcastAddr	4	static
G:/WorkSpace/STM32/STM32_CYCLONETCP_EXAMPLES/CycloneTCP_SSL_SSH_IPSEC_EAP_CRYPTO_Open_2_5_2/cyclone_tcp/ipv4/ipv4_misc.c:804:8:ipv4TrapIgmpPacket	8	static
G:/WorkSpace/STM32/STM32_CYCLONETCP_EXAMPLES/CycloneTCP_SSL_SSH_IPSEC_EAP_CRYPTO_Open_2_5_2/cyclone_tcp/ipv4/ipv4_misc.c:834:6:ipv4UpdateInStats	0	static
G:/WorkSpace/STM32/STM32_CYCLONETCP_EXAMPLES/CycloneTCP_SSL_SSH_IPSEC_EAP_CRYPTO_Open_2_5_2/cyclone_tcp/ipv4/ipv4_misc.c:875:6:ipv4UpdateOutStats	0	static
G:/WorkSpace/STM32/STM32_CYCLONETCP_EXAMPLES/CycloneTCP_SSL_SSH_IPSEC_EAP_CRYPTO_Open_2_5_2/cyclone_tcp/ipv4/ipv4_misc.c:929:6:ipv4UpdateErrorStats	0	static
