G:/WorkSpace/STM32/STM32_CYCLONETCP_EXAMPLES/CycloneTCP_SSL_SSH_IPSEC_EAP_CRYPTO_Open_2_5_2/cyclone_tcp/llmnr/llmnr_responder.c:52:9:llmnrResponderInit	8	static
G:/WorkSpace/STM32/STM32_CYCLONETCP_EXAMPLES/CycloneTCP_SSL_SSH_IPSEC_EAP_CRYPTO_Open_2_5_2/cyclone_tcp/llmnr/llmnr_responder.c:415:9:llmnrFormatIpv4AddrRecord	24	static
G:/WorkSpace/STM32/STM32_CYCLONETCP_EXAMPLES/CycloneTCP_SSL_SSH_IPSEC_EAP_CRYPTO_Open_2_5_2/cyclone_tcp/llmnr/llmnr_responder.c:475:9:llmnrFormatIpv6AddrRecord	24	static
G:/WorkSpace/STM32/STM32_CYCLONETCP_EXAMPLES/CycloneTCP_SSL_SSH_IPSEC_EAP_CRYPTO_Open_2_5_2/cyclone_tcp/llmnr/llmnr_responder.c:236:9:llmnrSendResponse	104	static
G:/WorkSpace/STM32/STM32_CYCLONETCP_EXAMPLES/CycloneTCP_SSL_SSH_IPSEC_EAP_CRYPTO_Open_2_5_2/cyclone_tcp/llmnr/llmnr_responder.c:96:6:llmnrProcessQuery	64	static
