G:/WorkSpace/STM32/STM32_CYCLONETCP_EXAMPLES/CycloneTCP_SSL_SSH_IPSEC_EAP_CRYPTO_Open_2_5_2/cyclone_tcp/mld/mld_node_misc.c:144:6:mldNodeSendListenerReport	24	static
G:/WorkSpace/STM32/STM32_CYCLONETCP_EXAMPLES/CycloneTCP_SSL_SSH_IPSEC_EAP_CRYPTO_Open_2_5_2/cyclone_tcp/mld/mld_node_misc.c:183:6:mldNodeSendListenerDone	24	static
G:/WorkSpace/STM32/STM32_CYCLONETCP_EXAMPLES/CycloneTCP_SSL_SSH_IPSEC_EAP_CRYPTO_Open_2_5_2/cyclone_tcp/mld/mld_node_misc.c:658:6:mldNodeFlushReportRecords	24	static
G:/WorkSpace/STM32/STM32_CYCLONETCP_EXAMPLES/CycloneTCP_SSL_SSH_IPSEC_EAP_CRYPTO_Open_2_5_2/cyclone_tcp/mld/mld_node_misc.c:1076:6:mldNodeMergeReports	0	static
G:/WorkSpace/STM32/STM32_CYCLONETCP_EXAMPLES/CycloneTCP_SSL_SSH_IPSEC_EAP_CRYPTO_Open_2_5_2/cyclone_tcp/mld/mld_node_misc.c:1209:8:mldNodeGetGroupRetransmitStatus	0	static
G:/WorkSpace/STM32/STM32_CYCLONETCP_EXAMPLES/CycloneTCP_SSL_SSH_IPSEC_EAP_CRYPTO_Open_2_5_2/cyclone_tcp/mld/mld_node_misc.c:1171:8:mldNodeGetRetransmitStatus	16	static
G:/WorkSpace/STM32/STM32_CYCLONETCP_EXAMPLES/CycloneTCP_SSL_SSH_IPSEC_EAP_CRYPTO_Open_2_5_2/cyclone_tcp/mld/mld_node_misc.c:1241:6:mldNodeDecGroupRetransmitCounters	0	static
G:/WorkSpace/STM32/STM32_CYCLONETCP_EXAMPLES/CycloneTCP_SSL_SSH_IPSEC_EAP_CRYPTO_Open_2_5_2/cyclone_tcp/mld/mld_node_misc.c:1302:15:mldNodeCreateGroup	32	static
G:/WorkSpace/STM32/STM32_CYCLONETCP_EXAMPLES/CycloneTCP_SSL_SSH_IPSEC_EAP_CRYPTO_Open_2_5_2/cyclone_tcp/mld/mld_node_misc.c:1363:15:mldNodeFindGroup	16	static
G:/WorkSpace/STM32/STM32_CYCLONETCP_EXAMPLES/CycloneTCP_SSL_SSH_IPSEC_EAP_CRYPTO_Open_2_5_2/cyclone_tcp/mld/mld_node_misc.c:1034:6:mldNodeProcessListenerReport	8	static
G:/WorkSpace/STM32/STM32_CYCLONETCP_EXAMPLES/CycloneTCP_SSL_SSH_IPSEC_EAP_CRYPTO_Open_2_5_2/cyclone_tcp/mld/mld_node_misc.c:1397:8:mldNodeMatchGroup	16	static
G:/WorkSpace/STM32/STM32_CYCLONETCP_EXAMPLES/CycloneTCP_SSL_SSH_IPSEC_EAP_CRYPTO_Open_2_5_2/cyclone_tcp/mld/mld_node_misc.c:223:6:mldNodeSendCurrentStateReport	32	static
G:/WorkSpace/STM32/STM32_CYCLONETCP_EXAMPLES/CycloneTCP_SSL_SSH_IPSEC_EAP_CRYPTO_Open_2_5_2/cyclone_tcp/mld/mld_node_misc.c:453:6:mldNodeSendStateChangeReport	56	static
G:/WorkSpace/STM32/STM32_CYCLONETCP_EXAMPLES/CycloneTCP_SSL_SSH_IPSEC_EAP_CRYPTO_Open_2_5_2/cyclone_tcp/mld/mld_node_misc.c:108:6:mldNodeSendUnsolicitedReport	16	static
G:/WorkSpace/STM32/STM32_CYCLONETCP_EXAMPLES/CycloneTCP_SSL_SSH_IPSEC_EAP_CRYPTO_Open_2_5_2/cyclone_tcp/mld/mld_node_misc.c:839:6:mldNodeProcessListenerQueryV2	24	static
G:/WorkSpace/STM32/STM32_CYCLONETCP_EXAMPLES/CycloneTCP_SSL_SSH_IPSEC_EAP_CRYPTO_Open_2_5_2/cyclone_tcp/mld/mld_node_misc.c:1425:6:mldNodeDeleteGroup	0	static
G:/WorkSpace/STM32/STM32_CYCLONETCP_EXAMPLES/CycloneTCP_SSL_SSH_IPSEC_EAP_CRYPTO_Open_2_5_2/cyclone_tcp/mld/mld_node_misc.c:1441:6:mldNodeFlushUnusedGroups	16	static
G:/WorkSpace/STM32/STM32_CYCLONETCP_EXAMPLES/CycloneTCP_SSL_SSH_IPSEC_EAP_CRYPTO_Open_2_5_2/cyclone_tcp/mld/mld_node_misc.c:53:6:mldNodeChangeCompatibilityMode	16	static
G:/WorkSpace/STM32/STM32_CYCLONETCP_EXAMPLES/CycloneTCP_SSL_SSH_IPSEC_EAP_CRYPTO_Open_2_5_2/cyclone_tcp/mld/mld_node_misc.c:747:6:mldNodeProcessListenerQuery	24	static
G:/WorkSpace/STM32/STM32_CYCLONETCP_EXAMPLES/CycloneTCP_SSL_SSH_IPSEC_EAP_CRYPTO_Open_2_5_2/cyclone_tcp/mld/mld_node_misc.c:701:6:mldNodeProcessMessage	8	static
G:/WorkSpace/STM32/STM32_CYCLONETCP_EXAMPLES/CycloneTCP_SSL_SSH_IPSEC_EAP_CRYPTO_Open_2_5_2/cyclone_tcp/mld/mld_node_misc.c:1479:9:mldNodeAddSrcAddr	0	static
G:/WorkSpace/STM32/STM32_CYCLONETCP_EXAMPLES/CycloneTCP_SSL_SSH_IPSEC_EAP_CRYPTO_Open_2_5_2/cyclone_tcp/mld/mld_node_misc.c:1527:6:mldNodeRemoveSrcAddr	0	static
G:/WorkSpace/STM32/STM32_CYCLONETCP_EXAMPLES/CycloneTCP_SSL_SSH_IPSEC_EAP_CRYPTO_Open_2_5_2/cyclone_tcp/mld/mld_node_misc.c:1564:7:mldNodeFindSrcAddr	0	static
