G:/WorkSpace/STM32/STM32_CYCLONETCP_EXAMPLES/CycloneTCP_SSL_SSH_IPSEC_EAP_CRYPTO_Open_2_5_2/cyclone_tcp/drivers/mac/stm32f7xx_eth_driver.c:507:6:stm32f7xxEthTick	8	static
G:/WorkSpace/STM32/STM32_CYCLONETCP_EXAMPLES/CycloneTCP_SSL_SSH_IPSEC_EAP_CRYPTO_Open_2_5_2/cyclone_tcp/drivers/mac/stm32f7xx_eth_driver.c:532:6:stm32f7xxEthEnableIrq	8	static,ignoring_inline_asm
G:/WorkSpace/STM32/STM32_CYCLONETCP_EXAMPLES/CycloneTCP_SSL_SSH_IPSEC_EAP_CRYPTO_Open_2_5_2/cyclone_tcp/drivers/mac/stm32f7xx_eth_driver.c:560:6:stm32f7xxEthDisableIrq	8	static,ignoring_inline_asm
G:/WorkSpace/STM32/STM32_CYCLONETCP_EXAMPLES/CycloneTCP_SSL_SSH_IPSEC_EAP_CRYPTO_Open_2_5_2/cyclone_tcp/drivers/mac/stm32f7xx_eth_driver.c:941:9:stm32f7xxEthUpdateMacConfig	0	static
G:/WorkSpace/STM32/STM32_CYCLONETCP_EXAMPLES/CycloneTCP_SSL_SSH_IPSEC_EAP_CRYPTO_Open_2_5_2/cyclone_tcp/drivers/mac/stm32f7xx_eth_driver.c:984:6:stm32f7xxEthWritePhyReg	4	static
G:/WorkSpace/STM32/STM32_CYCLONETCP_EXAMPLES/CycloneTCP_SSL_SSH_IPSEC_EAP_CRYPTO_Open_2_5_2/cyclone_tcp/drivers/mac/stm32f7xx_eth_driver.c:1026:10:stm32f7xxEthReadPhyReg	0	static
G:/WorkSpace/STM32/STM32_CYCLONETCP_EXAMPLES/CycloneTCP_SSL_SSH_IPSEC_EAP_CRYPTO_Open_2_5_2/cyclone_tcp/drivers/mac/stm32f7xx_eth_driver.c:665:9:stm32f7xxEthSendPacket	24	static,ignoring_inline_asm
G:/WorkSpace/STM32/STM32_CYCLONETCP_EXAMPLES/CycloneTCP_SSL_SSH_IPSEC_EAP_CRYPTO_Open_2_5_2/cyclone_tcp/drivers/mac/stm32f7xx_eth_driver.c:230:18:stm32f7xxEthInitGpio	48	static
G:/WorkSpace/STM32/STM32_CYCLONETCP_EXAMPLES/CycloneTCP_SSL_SSH_IPSEC_EAP_CRYPTO_Open_2_5_2/cyclone_tcp/drivers/mac/stm32f7xx_eth_driver.c:438:6:stm32f7xxEthInitDmaDesc	4	static
G:/WorkSpace/STM32/STM32_CYCLONETCP_EXAMPLES/CycloneTCP_SSL_SSH_IPSEC_EAP_CRYPTO_Open_2_5_2/cyclone_tcp/drivers/mac/stm32f7xx_eth_driver.c:587:6:ETH_IRQHandler	16	static,ignoring_inline_asm
G:/WorkSpace/STM32/STM32_CYCLONETCP_EXAMPLES/CycloneTCP_SSL_SSH_IPSEC_EAP_CRYPTO_Open_2_5_2/cyclone_tcp/drivers/mac/stm32f7xx_eth_driver.c:727:9:stm32f7xxEthReceivePacket	32	static
G:/WorkSpace/STM32/STM32_CYCLONETCP_EXAMPLES/CycloneTCP_SSL_SSH_IPSEC_EAP_CRYPTO_Open_2_5_2/cyclone_tcp/drivers/mac/stm32f7xx_eth_driver.c:640:6:stm32f7xxEthEventHandler	8	static
G:/WorkSpace/STM32/STM32_CYCLONETCP_EXAMPLES/CycloneTCP_SSL_SSH_IPSEC_EAP_CRYPTO_Open_2_5_2/cyclone_tcp/drivers/mac/stm32f7xx_eth_driver.c:1072:10:stm32f7xxEthCalcCrc	4	static
G:/WorkSpace/STM32/STM32_CYCLONETCP_EXAMPLES/CycloneTCP_SSL_SSH_IPSEC_EAP_CRYPTO_Open_2_5_2/cyclone_tcp/drivers/mac/stm32f7xx_eth_driver.c:797:9:stm32f7xxEthUpdateMacAddrFilter	48	static
G:/WorkSpace/STM32/STM32_CYCLONETCP_EXAMPLES/CycloneTCP_SSL_SSH_IPSEC_EAP_CRYPTO_Open_2_5_2/cyclone_tcp/drivers/mac/stm32f7xx_eth_driver.c:119:9:stm32f7xxEthInit	40	static
