G:/WorkSpace/STM32/STM32_CYCLONETCP_EXAMPLES/CycloneTCP_SSL_SSH_IPSEC_EAP_CRYPTO_Open_2_5_2/cyclone_tcp/core/tcp_fsm.c:439:6:tcpStateClosed	8	static
G:/WorkSpace/STM32/STM32_CYCLONETCP_EXAMPLES/CycloneTCP_SSL_SSH_IPSEC_EAP_CRYPTO_Open_2_5_2/cyclone_tcp/core/tcp_fsm.c:467:6:tcpStateListen	32	static
G:/WorkSpace/STM32/STM32_CYCLONETCP_EXAMPLES/CycloneTCP_SSL_SSH_IPSEC_EAP_CRYPTO_Open_2_5_2/cyclone_tcp/core/tcp_fsm.c:670:6:tcpStateSynSent	24	static
G:/WorkSpace/STM32/STM32_CYCLONETCP_EXAMPLES/CycloneTCP_SSL_SSH_IPSEC_EAP_CRYPTO_Open_2_5_2/cyclone_tcp/core/tcp_fsm.c:950:6:tcpStateEstablished	32	static
G:/WorkSpace/STM32/STM32_CYCLONETCP_EXAMPLES/CycloneTCP_SSL_SSH_IPSEC_EAP_CRYPTO_Open_2_5_2/cyclone_tcp/core/tcp_fsm.c:837:6:tcpStateSynReceived	56	static
G:/WorkSpace/STM32/STM32_CYCLONETCP_EXAMPLES/CycloneTCP_SSL_SSH_IPSEC_EAP_CRYPTO_Open_2_5_2/cyclone_tcp/core/tcp_fsm.c:1036:6:tcpStateCloseWait	16	static
G:/WorkSpace/STM32/STM32_CYCLONETCP_EXAMPLES/CycloneTCP_SSL_SSH_IPSEC_EAP_CRYPTO_Open_2_5_2/cyclone_tcp/core/tcp_fsm.c:1095:6:tcpStateLastAck	16	static
G:/WorkSpace/STM32/STM32_CYCLONETCP_EXAMPLES/CycloneTCP_SSL_SSH_IPSEC_EAP_CRYPTO_Open_2_5_2/cyclone_tcp/core/tcp_fsm.c:1144:6:tcpStateFinWait1	32	static
G:/WorkSpace/STM32/STM32_CYCLONETCP_EXAMPLES/CycloneTCP_SSL_SSH_IPSEC_EAP_CRYPTO_Open_2_5_2/cyclone_tcp/core/tcp_fsm.c:1235:6:tcpStateFinWait2	32	static
G:/WorkSpace/STM32/STM32_CYCLONETCP_EXAMPLES/CycloneTCP_SSL_SSH_IPSEC_EAP_CRYPTO_Open_2_5_2/cyclone_tcp/core/tcp_fsm.c:1304:6:tcpStateClosing	16	static
G:/WorkSpace/STM32/STM32_CYCLONETCP_EXAMPLES/CycloneTCP_SSL_SSH_IPSEC_EAP_CRYPTO_Open_2_5_2/cyclone_tcp/core/tcp_fsm.c:1357:6:tcpStateTimeWait	24	static
G:/WorkSpace/STM32/STM32_CYCLONETCP_EXAMPLES/CycloneTCP_SSL_SSH_IPSEC_EAP_CRYPTO_Open_2_5_2/cyclone_tcp/core/tcp_fsm.c:73:6:tcpProcessSegment	56	static
