../../Drivers/CMSIS/Include/core_cm7.h:1871:22:__NVIC_SetPriorityGrouping	24	static
../../Drivers/CMSIS/Include/core_cm7.h:1902:22:__NVIC_EnableIRQ	16	static,ignoring_inline_asm
../../Drivers/CMSIS/Include/core_cm7.h:1940:22:__NVIC_DisableIRQ	16	static,ignoring_inline_asm
../../Drivers/CMSIS/Include/core_cm7.h:2032:22:__NVIC_SetPriority	16	static
../../Drivers/CMSIS/Include/core_cm7.h:2079:26:NVIC_EncodePriority	40	static
G:/WorkSpace/STM32/STM32_CYCLONETCP_EXAMPLES/STM32H7_HAL_CYCLONETCP_ECHOSERVER/Middlewares/Third_Party/Oryx-Embedded_CycloneTCP_CycloneTCP/cyclone_tcp/drivers/mac/stm32h7xx_eth_driver.c:119:9:stm32h7xxEthInit	40	static
G:/WorkSpace/STM32/STM32_CYCLONETCP_EXAMPLES/STM32H7_HAL_CYCLONETCP_ECHOSERVER/Middlewares/Third_Party/Oryx-Embedded_CycloneTCP_CycloneTCP/cyclone_tcp/drivers/mac/stm32h7xx_eth_driver.c:252:18:stm32h7xxEthInitGpio	16	static
G:/WorkSpace/STM32/STM32_CYCLONETCP_EXAMPLES/STM32H7_HAL_CYCLONETCP_ECHOSERVER/Middlewares/Third_Party/Oryx-Embedded_CycloneTCP_CycloneTCP/cyclone_tcp/drivers/mac/stm32h7xx_eth_driver.c:425:6:stm32h7xxEthInitDmaDesc	24	static
G:/WorkSpace/STM32/STM32_CYCLONETCP_EXAMPLES/STM32H7_HAL_CYCLONETCP_ECHOSERVER/Middlewares/Third_Party/Oryx-Embedded_CycloneTCP_CycloneTCP/cyclone_tcp/drivers/mac/stm32h7xx_eth_driver.c:476:6:stm32h7xxEthTick	16	static
G:/WorkSpace/STM32/STM32_CYCLONETCP_EXAMPLES/STM32H7_HAL_CYCLONETCP_ECHOSERVER/Middlewares/Third_Party/Oryx-Embedded_CycloneTCP_CycloneTCP/cyclone_tcp/drivers/mac/stm32h7xx_eth_driver.c:501:6:stm32h7xxEthEnableIrq	16	static
G:/WorkSpace/STM32/STM32_CYCLONETCP_EXAMPLES/STM32H7_HAL_CYCLONETCP_ECHOSERVER/Middlewares/Third_Party/Oryx-Embedded_CycloneTCP_CycloneTCP/cyclone_tcp/drivers/mac/stm32h7xx_eth_driver.c:529:6:stm32h7xxEthDisableIrq	16	static
G:/WorkSpace/STM32/STM32_CYCLONETCP_EXAMPLES/STM32H7_HAL_CYCLONETCP_ECHOSERVER/Middlewares/Third_Party/Oryx-Embedded_CycloneTCP_CycloneTCP/cyclone_tcp/drivers/mac/stm32h7xx_eth_driver.c:556:6:ETH_IRQHandler	16	static,ignoring_inline_asm
G:/WorkSpace/STM32/STM32_CYCLONETCP_EXAMPLES/STM32H7_HAL_CYCLONETCP_ECHOSERVER/Middlewares/Third_Party/Oryx-Embedded_CycloneTCP_CycloneTCP/cyclone_tcp/drivers/mac/stm32h7xx_eth_driver.c:609:6:stm32h7xxEthEventHandler	24	static
G:/WorkSpace/STM32/STM32_CYCLONETCP_EXAMPLES/STM32H7_HAL_CYCLONETCP_ECHOSERVER/Middlewares/Third_Party/Oryx-Embedded_CycloneTCP_CycloneTCP/cyclone_tcp/drivers/mac/stm32h7xx_eth_driver.c:634:9:stm32h7xxEthSendPacket	32	static,ignoring_inline_asm
G:/WorkSpace/STM32/STM32_CYCLONETCP_EXAMPLES/STM32H7_HAL_CYCLONETCP_ECHOSERVER/Middlewares/Third_Party/Oryx-Embedded_CycloneTCP_CycloneTCP/cyclone_tcp/drivers/mac/stm32h7xx_eth_driver.c:699:9:stm32h7xxEthReceivePacket	56	static
G:/WorkSpace/STM32/STM32_CYCLONETCP_EXAMPLES/STM32H7_HAL_CYCLONETCP_ECHOSERVER/Middlewares/Third_Party/Oryx-Embedded_CycloneTCP_CycloneTCP/cyclone_tcp/drivers/mac/stm32h7xx_eth_driver.c:785:9:stm32h7xxEthUpdateMacAddrFilter	64	static
G:/WorkSpace/STM32/STM32_CYCLONETCP_EXAMPLES/STM32H7_HAL_CYCLONETCP_ECHOSERVER/Middlewares/Third_Party/Oryx-Embedded_CycloneTCP_CycloneTCP/cyclone_tcp/drivers/mac/stm32h7xx_eth_driver.c:929:9:stm32h7xxEthUpdateMacConfig	24	static
G:/WorkSpace/STM32/STM32_CYCLONETCP_EXAMPLES/STM32H7_HAL_CYCLONETCP_ECHOSERVER/Middlewares/Third_Party/Oryx-Embedded_CycloneTCP_CycloneTCP/cyclone_tcp/drivers/mac/stm32h7xx_eth_driver.c:972:6:stm32h7xxEthWritePhyReg	24	static
G:/WorkSpace/STM32/STM32_CYCLONETCP_EXAMPLES/STM32H7_HAL_CYCLONETCP_ECHOSERVER/Middlewares/Third_Party/Oryx-Embedded_CycloneTCP_CycloneTCP/cyclone_tcp/drivers/mac/stm32h7xx_eth_driver.c:1014:10:stm32h7xxEthReadPhyReg	24	static
G:/WorkSpace/STM32/STM32_CYCLONETCP_EXAMPLES/STM32H7_HAL_CYCLONETCP_ECHOSERVER/Middlewares/Third_Party/Oryx-Embedded_CycloneTCP_CycloneTCP/cyclone_tcp/drivers/mac/stm32h7xx_eth_driver.c:1060:10:stm32h7xxEthCalcCrc	32	static
