G:/WorkSpace/STM32/STM32_CYCLONETCP_EXAMPLES/CycloneTCP_SSL_SSH_IPSEC_EAP_CRYPTO_Open_2_5_2/demo/st/nucleo_f767zi/ftp_client_demo/src/main.c:290:6:ledTask	1
G:/WorkSpace/STM32/STM32_CYCLONETCP_EXAMPLES/CycloneTCP_SSL_SSH_IPSEC_EAP_CRYPTO_Open_2_5_2/demo/st/nucleo_f767zi/ftp_client_demo/src/main.c:83:6:SystemClock_Config	1
G:/WorkSpace/STM32/STM32_CYCLONETCP_EXAMPLES/CycloneTCP_SSL_SSH_IPSEC_EAP_CRYPTO_Open_2_5_2/demo/st/nucleo_f767zi/ftp_client_demo/src/main.c:122:6:MPU_Config	1
G:/WorkSpace/STM32/STM32_CYCLONETCP_EXAMPLES/CycloneTCP_SSL_SSH_IPSEC_EAP_CRYPTO_Open_2_5_2/demo/st/nucleo_f767zi/ftp_client_demo/src/main.c:153:9:ftpClientTest	10
G:/WorkSpace/STM32/STM32_CYCLONETCP_EXAMPLES/CycloneTCP_SSL_SSH_IPSEC_EAP_CRYPTO_Open_2_5_2/demo/st/nucleo_f767zi/ftp_client_demo/src/main.c:264:6:userTask	3
G:/WorkSpace/STM32/STM32_CYCLONETCP_EXAMPLES/CycloneTCP_SSL_SSH_IPSEC_EAP_CRYPTO_Open_2_5_2/demo/st/nucleo_f767zi/ftp_client_demo/src/main.c:308:7:main	13
