G:/WorkSpace/STM32/STM32_CYCLONETCP_EXAMPLES/CycloneTCP_SSL_SSH_IPSEC_EAP_CRYPTO_Open_2_5_2/demo/st/nucleo_f767zi/ftp_client_demo/src/main.c:290:6:ledTask	8	static
G:/WorkSpace/STM32/STM32_CYCLONETCP_EXAMPLES/CycloneTCP_SSL_SSH_IPSEC_EAP_CRYPTO_Open_2_5_2/demo/st/nucleo_f767zi/ftp_client_demo/src/main.c:83:6:SystemClock_Config	96	static
G:/WorkSpace/STM32/STM32_CYCLONETCP_EXAMPLES/CycloneTCP_SSL_SSH_IPSEC_EAP_CRYPTO_Open_2_5_2/demo/st/nucleo_f767zi/ftp_client_demo/src/main.c:122:6:MPU_Config	24	static
G:/WorkSpace/STM32/STM32_CYCLONETCP_EXAMPLES/CycloneTCP_SSL_SSH_IPSEC_EAP_CRYPTO_Open_2_5_2/demo/st/nucleo_f767zi/ftp_client_demo/src/main.c:153:9:ftpClientTest	168	static
G:/WorkSpace/STM32/STM32_CYCLONETCP_EXAMPLES/CycloneTCP_SSL_SSH_IPSEC_EAP_CRYPTO_Open_2_5_2/demo/st/nucleo_f767zi/ftp_client_demo/src/main.c:264:6:userTask	8	static
G:/WorkSpace/STM32/STM32_CYCLONETCP_EXAMPLES/CycloneTCP_SSL_SSH_IPSEC_EAP_CRYPTO_Open_2_5_2/demo/st/nucleo_f767zi/ftp_client_demo/src/main.c:308:7:main	32	static,ignoring_inline_asm
