G:/WorkSpace/STM32/STM32_CYCLONETCP_EXAMPLES/CycloneTCP_SSL_SSH_IPSEC_EAP_CRYPTO_Open_2_5_2/third_party/st/drivers/stm32f7xx_hal_driver/src/stm32f7xx_hal_cec.c:340:19:HAL_CEC_SetDeviceAddress	0	static
G:/WorkSpace/STM32/STM32_CYCLONETCP_EXAMPLES/CycloneTCP_SSL_SSH_IPSEC_EAP_CRYPTO_Open_2_5_2/third_party/st/drivers/stm32f7xx_hal_driver/src/stm32f7xx_hal_cec.c:386:13:HAL_CEC_MspInit	0	static
G:/WorkSpace/STM32/STM32_CYCLONETCP_EXAMPLES/CycloneTCP_SSL_SSH_IPSEC_EAP_CRYPTO_Open_2_5_2/third_party/st/drivers/stm32f7xx_hal_driver/src/stm32f7xx_hal_cec.c:181:19:HAL_CEC_Init	8	static
G:/WorkSpace/STM32/STM32_CYCLONETCP_EXAMPLES/CycloneTCP_SSL_SSH_IPSEC_EAP_CRYPTO_Open_2_5_2/third_party/st/drivers/stm32f7xx_hal_driver/src/stm32f7xx_hal_cec.c:400:13:HAL_CEC_MspDeInit	0	static
G:/WorkSpace/STM32/STM32_CYCLONETCP_EXAMPLES/CycloneTCP_SSL_SSH_IPSEC_EAP_CRYPTO_Open_2_5_2/third_party/st/drivers/stm32f7xx_hal_driver/src/stm32f7xx_hal_cec.c:273:19:HAL_CEC_DeInit	8	static
G:/WorkSpace/STM32/STM32_CYCLONETCP_EXAMPLES/CycloneTCP_SSL_SSH_IPSEC_EAP_CRYPTO_Open_2_5_2/third_party/st/drivers/stm32f7xx_hal_driver/src/stm32f7xx_hal_cec.c:696:19:HAL_CEC_Transmit_IT	8	static
G:/WorkSpace/STM32/STM32_CYCLONETCP_EXAMPLES/CycloneTCP_SSL_SSH_IPSEC_EAP_CRYPTO_Open_2_5_2/third_party/st/drivers/stm32f7xx_hal_driver/src/stm32f7xx_hal_cec.c:752:10:HAL_CEC_GetLastReceivedFrameSize	0	static
G:/WorkSpace/STM32/STM32_CYCLONETCP_EXAMPLES/CycloneTCP_SSL_SSH_IPSEC_EAP_CRYPTO_Open_2_5_2/third_party/st/drivers/stm32f7xx_hal_driver/src/stm32f7xx_hal_cec.c:764:6:HAL_CEC_ChangeRxBuffer	0	static
G:/WorkSpace/STM32/STM32_CYCLONETCP_EXAMPLES/CycloneTCP_SSL_SSH_IPSEC_EAP_CRYPTO_Open_2_5_2/third_party/st/drivers/stm32f7xx_hal_driver/src/stm32f7xx_hal_cec.c:898:13:HAL_CEC_TxCpltCallback	0	static
G:/WorkSpace/STM32/STM32_CYCLONETCP_EXAMPLES/CycloneTCP_SSL_SSH_IPSEC_EAP_CRYPTO_Open_2_5_2/third_party/st/drivers/stm32f7xx_hal_driver/src/stm32f7xx_hal_cec.c:913:13:HAL_CEC_RxCpltCallback	0	static
G:/WorkSpace/STM32/STM32_CYCLONETCP_EXAMPLES/CycloneTCP_SSL_SSH_IPSEC_EAP_CRYPTO_Open_2_5_2/third_party/st/drivers/stm32f7xx_hal_driver/src/stm32f7xx_hal_cec.c:928:13:HAL_CEC_ErrorCallback	0	static
G:/WorkSpace/STM32/STM32_CYCLONETCP_EXAMPLES/CycloneTCP_SSL_SSH_IPSEC_EAP_CRYPTO_Open_2_5_2/third_party/st/drivers/stm32f7xx_hal_driver/src/stm32f7xx_hal_cec.c:774:6:HAL_CEC_IRQHandler	24	static
G:/WorkSpace/STM32/STM32_CYCLONETCP_EXAMPLES/CycloneTCP_SSL_SSH_IPSEC_EAP_CRYPTO_Open_2_5_2/third_party/st/drivers/stm32f7xx_hal_driver/src/stm32f7xx_hal_cec.c:960:22:HAL_CEC_GetState	0	static
G:/WorkSpace/STM32/STM32_CYCLONETCP_EXAMPLES/CycloneTCP_SSL_SSH_IPSEC_EAP_CRYPTO_Open_2_5_2/third_party/st/drivers/stm32f7xx_hal_driver/src/stm32f7xx_hal_cec.c:975:10:HAL_CEC_GetError	0	static
