G:/WorkSpace/STM32/STM32_CYCLONETCP_EXAMPLES/CycloneTCP_SSL_SSH_IPSEC_EAP_CRYPTO_Open_2_5_2/third_party/st/drivers/stm32f7xx_hal_driver/src/stm32f7xx_hal_eth.c:2101:13:ETH_MACAddressConfig	0	static
G:/WorkSpace/STM32/STM32_CYCLONETCP_EXAMPLES/CycloneTCP_SSL_SSH_IPSEC_EAP_CRYPTO_Open_2_5_2/third_party/st/drivers/stm32f7xx_hal_driver/src/stm32f7xx_hal_eth.c:2205:13:ETH_DMATransmissionEnable	0	static
G:/WorkSpace/STM32/STM32_CYCLONETCP_EXAMPLES/CycloneTCP_SSL_SSH_IPSEC_EAP_CRYPTO_Open_2_5_2/third_party/st/drivers/stm32f7xx_hal_driver/src/stm32f7xx_hal_eth.c:2217:13:ETH_DMATransmissionDisable	0	static
G:/WorkSpace/STM32/STM32_CYCLONETCP_EXAMPLES/CycloneTCP_SSL_SSH_IPSEC_EAP_CRYPTO_Open_2_5_2/third_party/st/drivers/stm32f7xx_hal_driver/src/stm32f7xx_hal_eth.c:2229:13:ETH_DMAReceptionEnable	0	static
G:/WorkSpace/STM32/STM32_CYCLONETCP_EXAMPLES/CycloneTCP_SSL_SSH_IPSEC_EAP_CRYPTO_Open_2_5_2/third_party/st/drivers/stm32f7xx_hal_driver/src/stm32f7xx_hal_eth.c:2241:13:ETH_DMAReceptionDisable	0	static
G:/WorkSpace/STM32/STM32_CYCLONETCP_EXAMPLES/CycloneTCP_SSL_SSH_IPSEC_EAP_CRYPTO_Open_2_5_2/third_party/st/drivers/stm32f7xx_hal_driver/src/stm32f7xx_hal_eth.c:1838:13:ETH_MACDMAConfig	208	static
G:/WorkSpace/STM32/STM32_CYCLONETCP_EXAMPLES/CycloneTCP_SSL_SSH_IPSEC_EAP_CRYPTO_Open_2_5_2/third_party/st/drivers/stm32f7xx_hal_driver/src/stm32f7xx_hal_eth.c:2125:13:ETH_MACTransmissionEnable	16	static
G:/WorkSpace/STM32/STM32_CYCLONETCP_EXAMPLES/CycloneTCP_SSL_SSH_IPSEC_EAP_CRYPTO_Open_2_5_2/third_party/st/drivers/stm32f7xx_hal_driver/src/stm32f7xx_hal_eth.c:2165:13:ETH_MACReceptionEnable	16	static
G:/WorkSpace/STM32/STM32_CYCLONETCP_EXAMPLES/CycloneTCP_SSL_SSH_IPSEC_EAP_CRYPTO_Open_2_5_2/third_party/st/drivers/stm32f7xx_hal_driver/src/stm32f7xx_hal_eth.c:2253:13:ETH_FlushTransmitFIFO	16	static
G:/WorkSpace/STM32/STM32_CYCLONETCP_EXAMPLES/CycloneTCP_SSL_SSH_IPSEC_EAP_CRYPTO_Open_2_5_2/third_party/st/drivers/stm32f7xx_hal_driver/src/stm32f7xx_hal_eth.c:2185:13:ETH_MACReceptionDisable	16	static
G:/WorkSpace/STM32/STM32_CYCLONETCP_EXAMPLES/CycloneTCP_SSL_SSH_IPSEC_EAP_CRYPTO_Open_2_5_2/third_party/st/drivers/stm32f7xx_hal_driver/src/stm32f7xx_hal_eth.c:2145:13:ETH_MACTransmissionDisable	16	static
G:/WorkSpace/STM32/STM32_CYCLONETCP_EXAMPLES/CycloneTCP_SSL_SSH_IPSEC_EAP_CRYPTO_Open_2_5_2/third_party/st/drivers/stm32f7xx_hal_driver/src/stm32f7xx_hal_eth.c:529:19:HAL_ETH_DMATxDescListInit	16	static
G:/WorkSpace/STM32/STM32_CYCLONETCP_EXAMPLES/CycloneTCP_SSL_SSH_IPSEC_EAP_CRYPTO_Open_2_5_2/third_party/st/drivers/stm32f7xx_hal_driver/src/stm32f7xx_hal_eth.c:596:19:HAL_ETH_DMARxDescListInit	12	static
G:/WorkSpace/STM32/STM32_CYCLONETCP_EXAMPLES/CycloneTCP_SSL_SSH_IPSEC_EAP_CRYPTO_Open_2_5_2/third_party/st/drivers/stm32f7xx_hal_driver/src/stm32f7xx_hal_eth.c:663:13:HAL_ETH_MspInit	0	static
G:/WorkSpace/STM32/STM32_CYCLONETCP_EXAMPLES/CycloneTCP_SSL_SSH_IPSEC_EAP_CRYPTO_Open_2_5_2/third_party/st/drivers/stm32f7xx_hal_driver/src/stm32f7xx_hal_eth.c:679:13:HAL_ETH_MspDeInit	0	static
G:/WorkSpace/STM32/STM32_CYCLONETCP_EXAMPLES/CycloneTCP_SSL_SSH_IPSEC_EAP_CRYPTO_Open_2_5_2/third_party/st/drivers/stm32f7xx_hal_driver/src/stm32f7xx_hal_eth.c:493:19:HAL_ETH_DeInit	8	static
G:/WorkSpace/STM32/STM32_CYCLONETCP_EXAMPLES/CycloneTCP_SSL_SSH_IPSEC_EAP_CRYPTO_Open_2_5_2/third_party/st/drivers/stm32f7xx_hal_driver/src/stm32f7xx_hal_eth.c:890:19:HAL_ETH_TransmitFrame	4	static
G:/WorkSpace/STM32/STM32_CYCLONETCP_EXAMPLES/CycloneTCP_SSL_SSH_IPSEC_EAP_CRYPTO_Open_2_5_2/third_party/st/drivers/stm32f7xx_hal_driver/src/stm32f7xx_hal_eth.c:1003:19:HAL_ETH_GetReceivedFrame	0	static
G:/WorkSpace/STM32/STM32_CYCLONETCP_EXAMPLES/CycloneTCP_SSL_SSH_IPSEC_EAP_CRYPTO_Open_2_5_2/third_party/st/drivers/stm32f7xx_hal_driver/src/stm32f7xx_hal_eth.c:1083:19:HAL_ETH_GetReceivedFrame_IT	0	static
G:/WorkSpace/STM32/STM32_CYCLONETCP_EXAMPLES/CycloneTCP_SSL_SSH_IPSEC_EAP_CRYPTO_Open_2_5_2/third_party/st/drivers/stm32f7xx_hal_driver/src/stm32f7xx_hal_eth.c:1242:13:HAL_ETH_TxCpltCallback	0	static
G:/WorkSpace/STM32/STM32_CYCLONETCP_EXAMPLES/CycloneTCP_SSL_SSH_IPSEC_EAP_CRYPTO_Open_2_5_2/third_party/st/drivers/stm32f7xx_hal_driver/src/stm32f7xx_hal_eth.c:1258:13:HAL_ETH_RxCpltCallback	0	static
G:/WorkSpace/STM32/STM32_CYCLONETCP_EXAMPLES/CycloneTCP_SSL_SSH_IPSEC_EAP_CRYPTO_Open_2_5_2/third_party/st/drivers/stm32f7xx_hal_driver/src/stm32f7xx_hal_eth.c:1274:13:HAL_ETH_ErrorCallback	0	static
G:/WorkSpace/STM32/STM32_CYCLONETCP_EXAMPLES/CycloneTCP_SSL_SSH_IPSEC_EAP_CRYPTO_Open_2_5_2/third_party/st/drivers/stm32f7xx_hal_driver/src/stm32f7xx_hal_eth.c:1168:6:HAL_ETH_IRQHandler	8	static
G:/WorkSpace/STM32/STM32_CYCLONETCP_EXAMPLES/CycloneTCP_SSL_SSH_IPSEC_EAP_CRYPTO_Open_2_5_2/third_party/st/drivers/stm32f7xx_hal_driver/src/stm32f7xx_hal_eth.c:1296:19:HAL_ETH_ReadPHYRegister	24	static
G:/WorkSpace/STM32/STM32_CYCLONETCP_EXAMPLES/CycloneTCP_SSL_SSH_IPSEC_EAP_CRYPTO_Open_2_5_2/third_party/st/drivers/stm32f7xx_hal_driver/src/stm32f7xx_hal_eth.c:1368:19:HAL_ETH_WritePHYRegister	16	static
G:/WorkSpace/STM32/STM32_CYCLONETCP_EXAMPLES/CycloneTCP_SSL_SSH_IPSEC_EAP_CRYPTO_Open_2_5_2/third_party/st/drivers/stm32f7xx_hal_driver/src/stm32f7xx_hal_eth.c:208:19:HAL_ETH_Init	24	static
G:/WorkSpace/STM32/STM32_CYCLONETCP_EXAMPLES/CycloneTCP_SSL_SSH_IPSEC_EAP_CRYPTO_Open_2_5_2/third_party/st/drivers/stm32f7xx_hal_driver/src/stm32f7xx_hal_eth.c:1460:19:HAL_ETH_Start	16	static
G:/WorkSpace/STM32/STM32_CYCLONETCP_EXAMPLES/CycloneTCP_SSL_SSH_IPSEC_EAP_CRYPTO_Open_2_5_2/third_party/st/drivers/stm32f7xx_hal_driver/src/stm32f7xx_hal_eth.c:1499:19:HAL_ETH_Stop	16	static
G:/WorkSpace/STM32/STM32_CYCLONETCP_EXAMPLES/CycloneTCP_SSL_SSH_IPSEC_EAP_CRYPTO_Open_2_5_2/third_party/st/drivers/stm32f7xx_hal_driver/src/stm32f7xx_hal_eth.c:1539:19:HAL_ETH_ConfigMAC	16	static
G:/WorkSpace/STM32/STM32_CYCLONETCP_EXAMPLES/CycloneTCP_SSL_SSH_IPSEC_EAP_CRYPTO_Open_2_5_2/third_party/st/drivers/stm32f7xx_hal_driver/src/stm32f7xx_hal_eth.c:1706:19:HAL_ETH_ConfigDMA	24	static
G:/WorkSpace/STM32/STM32_CYCLONETCP_EXAMPLES/CycloneTCP_SSL_SSH_IPSEC_EAP_CRYPTO_Open_2_5_2/third_party/st/drivers/stm32f7xx_hal_driver/src/stm32f7xx_hal_eth.c:1813:22:HAL_ETH_GetState	0	static
