G:/WorkSpace/STM32/STM32_CYCLONETCP_EXAMPLES/CycloneTCP_SSL_SSH_IPSEC_EAP_CRYPTO_Open_2_5_2/demo/st/nucleo_f767zi/ftp_client_demo/stm32_cube_ide/../../../../../third_party/cmsis/core/include/core_cm7.h:1911:22:__NVIC_EnableIRQ	0	static,ignoring_inline_asm
G:/WorkSpace/STM32/STM32_CYCLONETCP_EXAMPLES/CycloneTCP_SSL_SSH_IPSEC_EAP_CRYPTO_Open_2_5_2/demo/st/nucleo_f767zi/ftp_client_demo/stm32_cube_ide/../../../../../third_party/cmsis/core/include/core_cm7.h:1949:22:__NVIC_DisableIRQ	0	static,ignoring_inline_asm
G:/WorkSpace/STM32/STM32_CYCLONETCP_EXAMPLES/CycloneTCP_SSL_SSH_IPSEC_EAP_CRYPTO_Open_2_5_2/demo/st/nucleo_f767zi/ftp_client_demo/stm32_cube_ide/../../../../../third_party/cmsis/core/include/core_cm7.h:2041:22:__NVIC_SetPriority	0	static
G:/WorkSpace/STM32/STM32_CYCLONETCP_EXAMPLES/CycloneTCP_SSL_SSH_IPSEC_EAP_CRYPTO_Open_2_5_2/demo/st/nucleo_f767zi/ftp_client_demo/stm32_cube_ide/../../../../../third_party/cmsis/core/include/core_cm7.h:2063:26:__NVIC_GetPriority	0	static
G:/WorkSpace/STM32/STM32_CYCLONETCP_EXAMPLES/CycloneTCP_SSL_SSH_IPSEC_EAP_CRYPTO_Open_2_5_2/demo/st/nucleo_f767zi/ftp_client_demo/stm32_cube_ide/../../../../../third_party/cmsis/core/include/core_cm7.h:2088:26:NVIC_EncodePriority	4	static
G:/WorkSpace/STM32/STM32_CYCLONETCP_EXAMPLES/CycloneTCP_SSL_SSH_IPSEC_EAP_CRYPTO_Open_2_5_2/demo/st/nucleo_f767zi/ftp_client_demo/stm32_cube_ide/../../../../../third_party/cmsis/core/include/core_cm7.h:2115:22:NVIC_DecodePriority	8	static
G:/WorkSpace/STM32/STM32_CYCLONETCP_EXAMPLES/CycloneTCP_SSL_SSH_IPSEC_EAP_CRYPTO_Open_2_5_2/demo/st/nucleo_f767zi/ftp_client_demo/stm32_cube_ide/../../../../../third_party/cmsis/core/include/core_cm7.h:2165:34:__NVIC_SystemReset	0	static,ignoring_inline_asm
G:/WorkSpace/STM32/STM32_CYCLONETCP_EXAMPLES/CycloneTCP_SSL_SSH_IPSEC_EAP_CRYPTO_Open_2_5_2/third_party/st/drivers/stm32f7xx_hal_driver/src/stm32f7xx_hal_cortex.c:143:6:HAL_NVIC_SetPriorityGrouping	0	static
G:/WorkSpace/STM32/STM32_CYCLONETCP_EXAMPLES/CycloneTCP_SSL_SSH_IPSEC_EAP_CRYPTO_Open_2_5_2/third_party/st/drivers/stm32f7xx_hal_driver/src/stm32f7xx_hal_cortex.c:165:6:HAL_NVIC_SetPriority	8	static
G:/WorkSpace/STM32/STM32_CYCLONETCP_EXAMPLES/CycloneTCP_SSL_SSH_IPSEC_EAP_CRYPTO_Open_2_5_2/third_party/st/drivers/stm32f7xx_hal_driver/src/stm32f7xx_hal_cortex.c:187:6:HAL_NVIC_EnableIRQ	8	static
G:/WorkSpace/STM32/STM32_CYCLONETCP_EXAMPLES/CycloneTCP_SSL_SSH_IPSEC_EAP_CRYPTO_Open_2_5_2/third_party/st/drivers/stm32f7xx_hal_driver/src/stm32f7xx_hal_cortex.c:203:6:HAL_NVIC_DisableIRQ	8	static
G:/WorkSpace/STM32/STM32_CYCLONETCP_EXAMPLES/CycloneTCP_SSL_SSH_IPSEC_EAP_CRYPTO_Open_2_5_2/third_party/st/drivers/stm32f7xx_hal_driver/src/stm32f7xx_hal_cortex.c:216:6:HAL_NVIC_SystemReset	8	static
G:/WorkSpace/STM32/STM32_CYCLONETCP_EXAMPLES/CycloneTCP_SSL_SSH_IPSEC_EAP_CRYPTO_Open_2_5_2/third_party/st/drivers/stm32f7xx_hal_driver/src/stm32f7xx_hal_cortex.c:229:10:HAL_SYSTICK_Config	0	static
G:/WorkSpace/STM32/STM32_CYCLONETCP_EXAMPLES/CycloneTCP_SSL_SSH_IPSEC_EAP_CRYPTO_Open_2_5_2/third_party/st/drivers/stm32f7xx_hal_driver/src/stm32f7xx_hal_cortex.c:258:6:HAL_MPU_Disable	0	static,ignoring_inline_asm
G:/WorkSpace/STM32/STM32_CYCLONETCP_EXAMPLES/CycloneTCP_SSL_SSH_IPSEC_EAP_CRYPTO_Open_2_5_2/third_party/st/drivers/stm32f7xx_hal_driver/src/stm32f7xx_hal_cortex.c:281:6:HAL_MPU_Enable	0	static,ignoring_inline_asm
G:/WorkSpace/STM32/STM32_CYCLONETCP_EXAMPLES/CycloneTCP_SSL_SSH_IPSEC_EAP_CRYPTO_Open_2_5_2/third_party/st/drivers/stm32f7xx_hal_driver/src/stm32f7xx_hal_cortex.c:300:6:HAL_MPU_ConfigRegion	0	static
G:/WorkSpace/STM32/STM32_CYCLONETCP_EXAMPLES/CycloneTCP_SSL_SSH_IPSEC_EAP_CRYPTO_Open_2_5_2/third_party/st/drivers/stm32f7xx_hal_driver/src/stm32f7xx_hal_cortex.c:344:10:HAL_NVIC_GetPriorityGrouping	0	static
G:/WorkSpace/STM32/STM32_CYCLONETCP_EXAMPLES/CycloneTCP_SSL_SSH_IPSEC_EAP_CRYPTO_Open_2_5_2/third_party/st/drivers/stm32f7xx_hal_driver/src/stm32f7xx_hal_cortex.c:371:6:HAL_NVIC_GetPriority	16	static
G:/WorkSpace/STM32/STM32_CYCLONETCP_EXAMPLES/CycloneTCP_SSL_SSH_IPSEC_EAP_CRYPTO_Open_2_5_2/third_party/st/drivers/stm32f7xx_hal_driver/src/stm32f7xx_hal_cortex.c:386:6:HAL_NVIC_SetPendingIRQ	0	static
G:/WorkSpace/STM32/STM32_CYCLONETCP_EXAMPLES/CycloneTCP_SSL_SSH_IPSEC_EAP_CRYPTO_Open_2_5_2/third_party/st/drivers/stm32f7xx_hal_driver/src/stm32f7xx_hal_cortex.c:404:10:HAL_NVIC_GetPendingIRQ	0	static
G:/WorkSpace/STM32/STM32_CYCLONETCP_EXAMPLES/CycloneTCP_SSL_SSH_IPSEC_EAP_CRYPTO_Open_2_5_2/third_party/st/drivers/stm32f7xx_hal_driver/src/stm32f7xx_hal_cortex.c:420:6:HAL_NVIC_ClearPendingIRQ	0	static
G:/WorkSpace/STM32/STM32_CYCLONETCP_EXAMPLES/CycloneTCP_SSL_SSH_IPSEC_EAP_CRYPTO_Open_2_5_2/third_party/st/drivers/stm32f7xx_hal_driver/src/stm32f7xx_hal_cortex.c:437:10:HAL_NVIC_GetActive	0	static
G:/WorkSpace/STM32/STM32_CYCLONETCP_EXAMPLES/CycloneTCP_SSL_SSH_IPSEC_EAP_CRYPTO_Open_2_5_2/third_party/st/drivers/stm32f7xx_hal_driver/src/stm32f7xx_hal_cortex.c:454:6:HAL_SYSTICK_CLKSourceConfig	0	static
G:/WorkSpace/STM32/STM32_CYCLONETCP_EXAMPLES/CycloneTCP_SSL_SSH_IPSEC_EAP_CRYPTO_Open_2_5_2/third_party/st/drivers/stm32f7xx_hal_driver/src/stm32f7xx_hal_cortex.c:481:13:HAL_SYSTICK_Callback	0	static
G:/WorkSpace/STM32/STM32_CYCLONETCP_EXAMPLES/CycloneTCP_SSL_SSH_IPSEC_EAP_CRYPTO_Open_2_5_2/third_party/st/drivers/stm32f7xx_hal_driver/src/stm32f7xx_hal_cortex.c:472:6:HAL_SYSTICK_IRQHandler	8	static
